../Core/Src/main.c:47:5:__io_putchar	16	static
../Core/Src/main.c:55:6:GPIOExpander_Select	8	static
../Core/Src/main.c:62:6:GPIOExpander_Deselect	8	static
../Core/Src/main.c:69:6:GPIOExpander_WriteRegister	24	static
../Core/Src/main.c:82:6:GPIOExpander_Init	8	static
../Core/Src/main.c:92:6:GPIOExpander_SetLEDA	16	static
../Core/Src/main.c:97:6:GPIOExpander_SetLEDB	16	static
../Core/Src/main.c:107:5:main	16	static
../Core/Src/main.c:141:6:SystemClock_Config	96	static
../Core/Src/main.c:194:6:Error_Handler	4	static,ignoring_inline_asm
